
missing of returns in file C:\Users\YourName\Downloads\PED_inputs_3-21G\D2h\Naphthalene\naphthalene_fchk.fmt
Veda create new C:\Users\YourName\Downloads\PED_inputs_3-21G\D2h\Naphthalene\naphthalene_fchk.fmt, old file --> C:\Users\YourName\Downloads\PED_inputs_3-21G\D2h\Naphthalene\naphthalene_fchk.fmt.old 0 1 2 3 4 5 6 7 8 9 10 11 12 13 14 15 16 17 18
##########
Coordinates of  18 atoms have been read
  1   6   C    0.000000    2.449988    0.714464   12.000000
  2   6   C    0.000000    2.449988   -0.714464   12.000000
  3   6   C    0.000000    1.253765   -1.414464   12.000000
  4   6   C    0.000000    0.000000   -0.720708   12.000000
  5   6   C    0.000000   -1.253765   -1.414464   12.000000
  6   6   C    0.000000   -2.449988   -0.714464   12.000000
  7   6   C    0.000000   -2.449988    0.714464   12.000000
  8   6   C    0.000000   -1.253765    1.414464   12.000000
  9   6   C    0.000000    0.000000    0.720708   12.000000
 10   6   C    0.000000    1.253765    1.414464   12.000000
 11   1   H    0.000000    3.396060    1.250020    1.007825
 12   1   H    0.000000    3.396060   -1.250020    1.007825
 13   1   H    0.000000    1.251202   -2.503922    1.007825
 14   1   H    0.000000   -1.251202   -2.503922    1.007825
 15   1   H    0.000000   -3.396060   -1.250020    1.007825
 16   1   H    0.000000   -3.396060    1.250020    1.007825
 17   1   H    0.000000   -1.251202    2.503922    1.007825
 18   1   H    0.000000    1.251202    2.503922    1.007825
the matrix F has been read from file C:\Users\YourName\Downloads\PED_inputs_3-21G\D2h\Naphthalene\naphthalene_fchk.fmt
atom displacement matrix ADM has been read from file C:\Users\YourName\Downloads\PED_inputs_3-21G\D2h\Naphthalene\naphthalene_fchk.fmt

connection matrix MPO has been created: file skra.mpo
 3. C 1: C 2, C 10, H 11
 3. C 2: C 1, C 3, H 12
 3. C 3: C 2, C 4, H 13
 3. C 4: C 3, C 5, C 9
 3. C 5: C 4, C 6, H 14
 3. C 6: C 5, C 7, H 15
 3. C 7: C 6, C 8, H 16
 3. C 8: C 7, C 9, H 17
 3. C 9: C 4, C 8, C 10
 3. C 10: C 1, C 9, H 18
copy skra.mpo --> c:\users\yourname\downloads\ped_inputs_3-21g\d2h\naphthalene\naphthalene_fchk.mpo
File C:\Users\YourName\Downloads\PED_inputs_3-21G\D2h\Naphthalene\naphthalene_fchk.fmv was created
create DD2 file due to atoms connection in MPO
ring No.  1 ... 
  ... broken  10 9
ring No.  2 ... 
  ... broken  9 4
stretching 17, bending 16, torsion 14, out-of-plane 1
regarded 2 rings, 0 XY3 non-flat groups
alternative coordinates 50
the new file skra.dd2
creation of Coordinates Definitions: DD2 file skra.dd2
... prepare for optimization
Preoptimization: file  skra.dd2
TED < 150 has been achieved
OPT 0  <EPm>=21.80  delta=21.80
============================================================
Optimization START <EPm> = 21.800906095231
Base optimization for EPm < 75
Fine Optimization  . NOT  (for EPm < 90)
   TED near 100 . .  NOT
Force normalization YES
Mix CH / NotCH . . NOT
CH before NotCH .  NOT
not tested coordinates with EPm >= 75
Change Alt.Modes   NOT 
Add  Alt. Modes . .  NOT
coordinates Optimum "STRE" . .YES
NotCH modes
OPT 1  <EPm>=24.51  delta=2.71  crd=129.87  SUPER! mskra.ved
Alternative coordinates supplemented by 8
OPT 2  <EPm>=26.88  delta=2.37  crd=113.90  SUPER! mskra.ved
Alternative coordinates supplemented by 1
OPT 3  <EPm>=27.46  delta=0.58  crd=28.03  SUPER! mskra.ved
OPT 7  <EPm>=27.50  delta=0.04  crd=1.88  SUPER! mskra.ved
Reduce Mixed coordinates, type STRE
OPT 22  <EPm>=27.53  delta=0.03  crd=1.24  SUPER! mskra.ved
OPT 32  <EPm>=27.62  delta=0.09  crd=4.35  SUPER! mskra.ved
OPT 33  <EPm>=27.62  delta=0.00  crd=0.24  SUPER! mskra.ved
OPT 47  <EPm>=27.65  delta=0.02  crd=1.17  SUPER! mskra.ved
OPT 48  <EPm>=27.86  delta=0.22  crd=10.37  SUPER! mskra.ved
OPT 52  <EPm>=27.89  delta=0.03  crd=1.43  SUPER! mskra.ved
OPT 54  <EPm>=27.91  delta=0.01  crd=0.72  SUPER! mskra.ved
OPT 59  <EPm>=28.12  delta=0.21  crd=10.27  SUPER! mskra.ved
 5 coordinates reduced by 8
CH modes
OPT 61  <EPm>=35.20  delta=7.07  crd=339.52  SUPER! mskra.ved
Alternative coordinates supplemented by 8
OPT 62  <EPm>=35.33  delta=0.14  crd=6.50  SUPER! mskra.ved
OPT 63  <EPm>=35.39  delta=0.06  crd=2.98  SUPER! mskra.ved
OPT 66  <EPm>=35.57  delta=0.18  crd=8.64  SUPER! mskra.ved
OPT 74  <EPm>=35.72  delta=0.14  crd=6.95  SUPER! mskra.ved
Reduce Mixed coordinates, type STRE
OPT 84  <EPm>=35.88  delta=0.16  crd=7.86  SUPER! mskra.ved
OPT 88  <EPm>=35.92  delta=0.03  crd=1.66  SUPER! mskra.ved
OPT 93  <EPm>=35.96  delta=0.04  crd=1.85  SUPER! mskra.ved
OPT 97  <EPm>=36.07  delta=0.11  crd=5.39  SUPER! mskra.ved
OPT 103  <EPm>=36.58  delta=0.51  crd=24.37  SUPER! mskra.ved
OPT 104  <EPm>=36.70  delta=0.13  crd=6.11  SUPER! mskra.ved
 5 coordinates reduced by 6
coordinates Optimum "BEND" . .YES
NotCH modes
OPT 113  <EPm>=37.93  delta=1.23  crd=59.03  SUPER! mskra.ved
Alternative coordinates supplemented by 5
OPT 114  <EPm>=38.34  delta=0.41  crd=19.68  SUPER! mskra.ved
Alternative coordinates supplemented by 1
OPT 116  <EPm>=38.47  delta=0.13  crd=6.09  SUPER! mskra.ved
Alternative coordinates supplemented by 1
OPT 120  <EPm>=38.55  delta=0.08  crd=4.00  SUPER! mskra.ved
Reduce Mixed coordinates, type BEND
OPT 132  <EPm>=39.13  delta=0.58  crd=27.79  SUPER! mskra.ved
OPT 141  <EPm>=39.13  delta=0.00  crd=0.13  SUPER! mskra.ved
OPT 148  <EPm>=39.41  delta=0.28  crd=13.32  SUPER! mskra.ved
OPT 151  <EPm>=39.76  delta=0.34  crd=16.54  SUPER! mskra.ved
 4 coordinates reduced by 4
CH modes
OPT 156  <EPm>=43.58  delta=3.83  crd=183.68  SUPER! mskra.ved
Alternative coordinates supplemented by 8
OPT 157  <EPm>=44.14  delta=0.56  crd=26.93  SUPER! mskra.ved
OPT 158  <EPm>=44.47  delta=0.33  crd=15.84  SUPER! mskra.ved
OPT 159  <EPm>=44.66  delta=0.19  crd=9.04  SUPER! mskra.ved
Reduce Mixed coordinates, type BEND
OPT 166  <EPm>=44.78  delta=0.12  crd=5.72  SUPER! mskra.ved
OPT 168  <EPm>=44.82  delta=0.04  crd=1.83  SUPER! mskra.ved
OPT 186  <EPm>=44.83  delta=0.01  crd=0.61  SUPER! mskra.ved
 3 coordinates reduced by 3
coordinates Optimum "TORS" . .YES 
NotCH modes
OPT 201  <EPm>=47.42  delta=2.59  crd=124.22  SUPER! mskra.ved
Alternative coordinates supplemented by 4
OPT 202  <EPm>=47.65  delta=0.23  crd=11.18  SUPER! mskra.ved
Alternative coordinates supplemented by 2
OPT 203  <EPm>=48.29  delta=0.63  crd=30.34  SUPER! mskra.ved
Reduce Mixed coordinates, type TORS & OUT
OPT 227  <EPm>=48.46  delta=0.17  crd=8.13  SUPER! mskra.ved
 1 coordinates reduced by 1
CH modes
OPT 229  <EPm>=52.20  delta=3.74  crd=179.74  SUPER! mskra.ved
Alternative coordinates supplemented by 8
OPT 230  <EPm>=53.75  delta=1.55  crd=74.61  SUPER! mskra.ved
OPT 231  <EPm>=53.96  delta=0.21  crd=9.96  SUPER! mskra.ved
OPT 232  <EPm>=55.05  delta=1.09  crd=52.10  SUPER! mskra.ved
OPT 233  <EPm>=55.66  delta=0.61  crd=29.24  SUPER! mskra.ved
OPT 234  <EPm>=57.43  delta=1.77  crd=85.02  SUPER! mskra.ved
Reduce Mixed coordinates, type TORS & OUT
OPT 236  <EPm>=57.81  delta=0.39  crd=18.57  SUPER! mskra.ved
OPT 258  <EPm>=57.98  delta=0.17  crd=7.92  SUPER! mskra.ved
 2 coordinates reduced by 2
Marriage DD2 files  NOT
Improve bad Coord  NOT
ADM reassignment  NOT
Return to 1st step   YES
^^^^^^^^^^^^^^^^^^^^^^^^^^^^^^^^^^^^^^^^^^^^^^^^^^^^^^^
RETURN No. 1
copy skra.dd2 coordinates --> rskra.dd2
not tested coordinates with EPm >= 75
Change Alt.Modes   NOT 
Add  Alt. Modes . .  NOT
coordinates Optimum "STRE" . .YES
NotCH modes
OPT 269  <EPm>=58.33  delta=0.35  crd=16.74  SUPER! mskra.ved
Reduce Mixed coordinates, type STRE
OPT 275  <EPm>=58.39  delta=0.07  crd=3.18  SUPER! mskra.ved
OPT 279  <EPm>=58.45  delta=0.05  crd=2.62  SUPER! mskra.ved
OPT 284  <EPm>=58.46  delta=0.01  crd=0.61  SUPER! mskra.ved
 2 coordinates reduced by 3
CH modes
OPT 286  <EPm>=59.20  delta=0.74  crd=35.54  SUPER! mskra.ved
OPT 289  <EPm>=59.76  delta=0.55  crd=26.57  SUPER! mskra.ved
Reduce Mixed coordinates, type STRE
OPT 294  <EPm>=59.81  delta=0.06  crd=2.67  SUPER! mskra.ved
OPT 299  <EPm>=59.83  delta=0.02  crd=1.04  SUPER! mskra.ved
 2 coordinates reduced by 2
coordinates Optimum "BEND" . .YES
NotCH modes
CH modes
coordinates Optimum "TORS" . .YES 
NotCH modes
OPT 318  <EPm>=60.27  delta=0.44  crd=21.06  SUPER! mskra.ved
Alternative coordinates supplemented by 1
Reduce Mixed coordinates, type TORS & OUT
OPT 332  <EPm>=60.34  delta=0.07  crd=3.25  SUPER! mskra.ved
OPT 339  <EPm>=61.13  delta=0.80  crd=38.19  SUPER! mskra.ved
 2 coordinates reduced by 2
CH modes
Marriage DD2 files  NOT
Improve bad Coord  NOT
ADM reassignment  NOT
Return to 1st step   YES
^^^^^^^^^^^^^^^^^^^^^^^^^^^^^^^^^^^^^^^^^^^^^^^^^^^^^^^
RETURN No. 2
copy skra.dd2 coordinates --> rskra.dd2
not tested coordinates with EPm >= 75
Change Alt.Modes   NOT 
Add  Alt. Modes . .  NOT
coordinates Optimum "STRE" . .YES
NotCH modes
CH modes
coordinates Optimum "BEND" . .YES
NotCH modes
CH modes
coordinates Optimum "TORS" . .YES 
NotCH modes
CH modes
Marriage DD2 files  NOT
Improve bad Coord  NOT
ADM reassignment  NOT
Return to 1st step   YES
there is no reason for return
Normalize to 1 . . .  NOT
Reduce Complex C. YES            
not reduced coordinates --> uskra.dd2
not tested coordinates with EPm >= 75
Reduce Complex coordinates, type STRE
coordinate No. 1
OPT 371  <EPm>=61.22  delta=0.08  crd=3.92  SUPER! mskra.ved
coordinate No. 5
coordinate No. 9
coordinate No. 10
the best <EPm> worsen to 61.1956
coordinate No. 12
OPT 392  <EPm>=61.24  delta=0.05  crd=2.20  SUPER! mskra.ved
the best <EPm> worsen to 61.2281
coordinate No. 13
coordinate No. 14
OPT 405  <EPm>=61.53  delta=0.30  crd=14.57  SUPER! mskra.ved
coordinate No. 15
coordinate No. 16
coordinate No. 17
OPT 419  <EPm>=61.57  delta=0.03  crd=1.64  SUPER! mskra.ved
Reduce Complex coordinates, type BEND
coordinate No. 18
coordinate No. 20
coordinate No. 21
OPT 428  <EPm>=61.59  delta=0.03  crd=1.28  SUPER! mskra.ved
coordinate No. 22
coordinate No. 23
OPT 445  <EPm>=61.81  delta=0.22  crd=10.38  SUPER! mskra.ved
coordinate No. 24
coordinate No. 25
coordinate No. 26
coordinate No. 27
OPT 462  <EPm>=61.81  delta=0.00  crd=0.18  SUPER! mskra.ved
OPT 464  <EPm>=61.88  delta=0.07  crd=3.45  SUPER! mskra.ved
coordinate No. 28
the best <EPm> worsen to 61.8258
OPT 477  <EPm>=62.11  delta=0.29  crd=13.84  SUPER! mskra.ved
coordinate No. 29
coordinate No. 30
coordinate No. 31
OPT 488  <EPm>=62.82  delta=0.71  crd=33.99  SUPER! mskra.ved
coordinate No. 32
coordinate No. 33
OPT 495  <EPm>=62.94  delta=0.12  crd=5.70  SUPER! mskra.ved
Reduce Complex coordinates, type TORS & OUT
coordinate No. 34
coordinate No. 36
coordinate No. 37
OPT 505  <EPm>=63.00  delta=0.06  crd=2.82  SUPER! mskra.ved
coordinate No. 41
the best <EPm> worsen to 62.9601
OPT 522  <EPm>=63.01  delta=0.05  crd=2.40  SUPER! mskra.ved
coordinate No. 43
OPT 528  <EPm>=63.02  delta=0.01  crd=0.70  SUPER! mskra.ved
coordinate No. 44
coordinate No. 45
coordinate No. 46
OPT 536  <EPm>=63.03  delta=0.01  crd=0.48  SUPER! mskra.ved
coordinate No. 47
coordinate No. 48
 16 coordinates reduced by 21
Strong Normalize .. NOT
Strong Reduce CC. NOT            
Cycle at the End . . NOT
time of optimization [min] : 0.62
CALCULATION VEDA4, cycle No.  1
linear dependence of B matrix is checked
transformation F to internal coordinates 
scaling;  eigenvectors  &  eigenvalues
3211.76  3210.92  3194.48  3194.13  3172.29  3169.91  3169.14  3167.31  1634.06  1607.46  1569.54  1534.02  1512.22  1501.00  1452.50  1393.34  1368.25  1315.37  1299.84  1251.06  1234.54  1209.09  1198.24  1171.75  1031.59  1018.24   971.18   920.11   902.31   900.54   900.27   823.60   822.46   813.13   763.17   761.61   704.86   653.34   591.36   553.72   532.16   526.58   456.92   439.09   380.41   371.68   183.45   162.80
diagonality factor = 64.90  <EPm>=63.03   improve<EPm>=41.23
PED/TED saved in c:\users\yourname\downloads\ped_inputs_3-21g\d2h\naphthalene\naphthalene_fchk.ved
TED Above 100 Factor TAF=0.198
(PED abbreviation in c:\users\yourname\downloads\ped_inputs_3-21g\d2h\naphthalene\naphthalene_fchk.vdf)
skra.dd2 --> c:\users\yourname\downloads\ped_inputs_3-21g\d2h\naphthalene\naphthalene_fchk.dd2
calculation time [sec] : 0.44 - 0.23
END of CYCLE  1