
missing of returns in file C:\Users\YourName\Downloads\PED_inputs_3-21G\Cs\HOCl\hocl_fchk.fmt
Veda create new C:\Users\YourName\Downloads\PED_inputs_3-21G\Cs\HOCl\hocl_fchk.fmt, old file --> C:\Users\YourName\Downloads\PED_inputs_3-21G\Cs\HOCl\hocl_fchk.fmt.old 0 1 2 3
##########
Coordinates of  3 atoms have been read
  1   8   O    0.038069    1.197522    0.000000   15.994915
  2   1   H   -0.951724    1.378354    0.000000    1.007825
  3  17  Cl    0.038069   -0.644619    0.000000   34.968853
the matrix F has been read from file C:\Users\YourName\Downloads\PED_inputs_3-21G\Cs\HOCl\hocl_fchk.fmt
atom displacement matrix ADM has been read from file C:\Users\YourName\Downloads\PED_inputs_3-21G\Cs\HOCl\hocl_fchk.fmt

connection matrix MPO has been created: file skra.mpo
 2. O 1: H 2, Cl 3
copy skra.mpo --> c:\users\yourname\downloads\ped_inputs_3-21g\cs\hocl\hocl_fchk.mpo
File C:\Users\YourName\Downloads\PED_inputs_3-21G\Cs\HOCl\hocl_fchk.fmv was created
create DD2 file due to atoms connection in MPO
stretching 2, bending 1, torsion 0, out-of-plane 0
regarded 0 rings, 0 XY3 non-flat groups
the new file skra.dd2
creation of Coordinates Definitions: DD2 file skra.dd2
... prepare for optimization
Preoptimization: file  skra.dd2
TED < 150 has been achieved
OPT 0  <EPm>=99.35  delta=99.35
============================================================
Optimization START <EPm> = 99.3536359522812
Base optimization for EPm < 99
   TED near 100 . .  NOT
Force normalization YES
Mix CH / NotCH . . NOT
CH before NotCH .  NOT
not tested coordinates with EPm >= 99
Change Alt.Modes   NOT 
Add  Alt. Modes . .  NOT
coordinates Optimum "STRE" . .YES
NotCH modes
CH modes
coordinates Optimum "BEND" . .YES
NotCH modes
CH modes
coordinates Optimum "TORS" . .YES 
NotCH modes
CH modes
Marriage DD2 files  NOT
Improve bad Coord  NOT
ADM reassignment  NOT
Return to 1st step   YES
there is no reason for return
Normalize to 1 . . .  NOT
Reduce Complex C. YES            
not reduced coordinates --> uskra.dd2
not tested coordinates with EPm >= 99
Reduce Complex coordinates, type STRE
Reduce Complex coordinates, type BEND
Reduce Complex coordinates, type TORS & OUT
 0 coordinates reduced by 0
Strong Normalize .. NOT
Strong Reduce CC. NOT            
Cycle at the End . . NOT
time of optimization [min] : 0.00
CALCULATION VEDA4, cycle No.  1
linear dependence of B matrix is checked
transformation F to internal coordinates 
scaling;  eigenvectors  &  eigenvalues
3368.57  1255.95   667.65
diagonality factor = 80.86  <EPm>=99.35   improve<EPm>=0.00
PED/TED saved in c:\users\yourname\downloads\ped_inputs_3-21g\cs\hocl\hocl_fchk.ved
TED Above 100 Factor TAF=0.000
(PED abbreviation in c:\users\yourname\downloads\ped_inputs_3-21g\cs\hocl\hocl_fchk.vdf)
skra.dd2 --> c:\users\yourname\downloads\ped_inputs_3-21g\cs\hocl\hocl_fchk.dd2
calculation time [sec] : 0.11 - 0.07
END of CYCLE  1