
missing of returns in file C:\Users\YourName\Downloads\PED_inputs_3-21G\C2v\H2O_C2v\h2o_c2v_fchk.fmt
Veda create new C:\Users\YourName\Downloads\PED_inputs_3-21G\C2v\H2O_C2v\h2o_c2v_fchk.fmt, old file --> C:\Users\YourName\Downloads\PED_inputs_3-21G\C2v\H2O_C2v\h2o_c2v_fchk.fmt.old 0 1 2 3
##########
Coordinates of  3 atoms have been read
  1   8   O    0.000000    0.000000    0.120202   15.994915
  2   1   H    0.000000    0.785452   -0.480806    1.007825
  3   1   H    0.000000   -0.785452   -0.480806    1.007825
the matrix F has been read from file C:\Users\YourName\Downloads\PED_inputs_3-21G\C2v\H2O_C2v\h2o_c2v_fchk.fmt
atom displacement matrix ADM has been read from file C:\Users\YourName\Downloads\PED_inputs_3-21G\C2v\H2O_C2v\h2o_c2v_fchk.fmt

connection matrix MPO has been created: file skra.mpo
 2. O 1: H 2, H 3
copy skra.mpo --> c:\users\yourname\downloads\ped_inputs_3-21g\c2v\h2o_c2v\h2o_c2v_fchk.mpo
File C:\Users\YourName\Downloads\PED_inputs_3-21G\C2v\H2O_C2v\h2o_c2v_fchk.fmv was created
create DD2 file due to atoms connection in MPO
stretching 2, bending 1, torsion 0, out-of-plane 0
regarded 0 rings, 0 XY3 non-flat groups
the new file skra.dd2
creation of Coordinates Definitions: DD2 file skra.dd2
... prepare for optimization
Preoptimization: file  skra.dd2
TED < 150 has been achieved
OPT 0  <EPm>=66.30  delta=66.30
============================================================
Optimization START <EPm> = 66.2983212989218
Base optimization for EPm < 90
Fine Optimization  . NOT  (for EPm < 99)
   TED near 100 . .  NOT
Force normalization YES
Mix CH / NotCH . . NOT
CH before NotCH .  NOT
not tested coordinates with EPm >= 90
Change Alt.Modes   NOT 
Add  Alt. Modes . .  NOT
coordinates Optimum "STRE" . .YES
NotCH modes
OPT 1  <EPm>=99.26  delta=32.96  crd=98.89  SUPER! mskra.ved
Alternative coordinates supplemented by 2
Reduce Mixed coordinates, type STRE
CH modes
coordinates Optimum "BEND" . .YES
NotCH modes
CH modes
coordinates Optimum "TORS" . .YES 
NotCH modes
CH modes
Marriage DD2 files  NOT
Improve bad Coord  NOT
ADM reassignment  NOT
Return to 1st step   YES
^^^^^^^^^^^^^^^^^^^^^^^^^^^^^^^^^^^^^^^^^^^^^^^^^^^^^^^
RETURN No. 1
copy skra.dd2 coordinates --> rskra.dd2
not tested coordinates with EPm >= 90
Change Alt.Modes   NOT 
Add  Alt. Modes . .  NOT
coordinates Optimum "STRE" . .YES
NotCH modes
CH modes
coordinates Optimum "BEND" . .YES
NotCH modes
CH modes
coordinates Optimum "TORS" . .YES 
NotCH modes
CH modes
Marriage DD2 files  NOT
Improve bad Coord  NOT
ADM reassignment  NOT
Return to 1st step   YES
there is no reason for return
Normalize to 1 . . .  NOT
Reduce Complex C. YES            
not reduced coordinates --> uskra.dd2
not tested coordinates with EPm >= 90
Reduce Complex coordinates, type STRE
Reduce Complex coordinates, type BEND
Reduce Complex coordinates, type TORS & OUT
 0 coordinates reduced by 0
Strong Normalize .. NOT
Strong Reduce CC. NOT            
Cycle at the End . . NOT
time of optimization [min] : 0.01
CALCULATION VEDA4, cycle No.  1
linear dependence of B matrix is checked
transformation F to internal coordinates 
scaling;  eigenvectors  &  eigenvalues
3663.34  3504.65  1722.48
diagonality factor = 80.75  <EPm>=99.26   improve<EPm>=32.96
PED/TED saved in c:\users\yourname\downloads\ped_inputs_3-21g\c2v\h2o_c2v\h2o_c2v_fchk.ved
TED Above 100 Factor TAF=0.000
(PED abbreviation in c:\users\yourname\downloads\ped_inputs_3-21g\c2v\h2o_c2v\h2o_c2v_fchk.vdf)
skra.dd2 --> c:\users\yourname\downloads\ped_inputs_3-21g\c2v\h2o_c2v\h2o_c2v_fchk.dd2
calculation time [sec] : 0.12 - 0.06
END of CYCLE  1