
missing of returns in file C:\Users\YourName\Downloads\PED_inputs_3-21G\Cs\Cycloheptatriene\cycloheptatriene_fchk.fmt
Veda create new C:\Users\YourName\Downloads\PED_inputs_3-21G\Cs\Cycloheptatriene\cycloheptatriene_fchk.fmt, old file --> C:\Users\YourName\Downloads\PED_inputs_3-21G\Cs\Cycloheptatriene\cycloheptatriene_fchk.fmt.old 0 1 2 3 4 5 6 7 8 9 10 11 12 13 14 15
##########
Coordinates of  15 atoms have been read
  1   6   C   -0.273760    0.959676   -1.220163   12.000000
  2   6   C   -0.273760   -0.362199   -1.532718   12.000000
  3   6   C    0.289123   -1.412169   -0.686131   12.000000
  4   6   C    0.289123   -1.412169    0.686131   12.000000
  5   6   C   -0.273760   -0.362199    1.532718   12.000000
  6   6   C   -0.273760    0.959676    1.220163   12.000000
  7   6   C    0.483133    1.468468    0.000000   12.000000
  8   1   H   -0.797268    1.676845   -1.848893    1.007825
  9   1   H   -0.748980   -0.688108   -2.457634    1.007825
 10   1   H    0.628346   -2.316358   -1.191387    1.007825
 11   1   H    0.628346   -2.316358    1.191387    1.007825
 12   1   H   -0.748980   -0.688108    2.457634    1.007825
 13   1   H   -0.797268    1.676845    1.848893    1.007825
 14   1   H    0.534620    2.561393    0.000000    1.007825
 15   1   H    1.503151    1.059354    0.000000    1.007825
the matrix F has been read from file C:\Users\YourName\Downloads\PED_inputs_3-21G\Cs\Cycloheptatriene\cycloheptatriene_fchk.fmt
atom displacement matrix ADM has been read from file C:\Users\YourName\Downloads\PED_inputs_3-21G\Cs\Cycloheptatriene\cycloheptatriene_fchk.fmt

connection matrix MPO has been created: file skra.mpo
 4. C 7: C 1, C 6, H 14, H 15
 3. C 2: C 1, C 3, H 9
 3. C 3: C 2, C 4, H 10
 3. C 4: C 3, C 5, H 11
 3. C 5: C 4, C 6, H 12
 3. C 6: C 5, C 7, H 13
 3. C 1: C 2, C 7, H 8
copy skra.mpo --> c:\users\yourname\downloads\ped_inputs_3-21g\cs\cycloheptatriene\cycloheptatriene_fchk.mpo
File C:\Users\YourName\Downloads\PED_inputs_3-21G\Cs\Cycloheptatriene\cycloheptatriene_fchk.fmv was created
create DD2 file due to atoms connection in MPO
ring No.  1 ... 
  ... broken  1 7
stretching 14, bending 13, torsion 12, out-of-plane 0
regarded 1 rings, 0 XY3 non-flat groups
alternative coordinates 40
the new file skra.dd2
creation of Coordinates Definitions: DD2 file skra.dd2
... prepare for optimization
Preoptimization: file  skra.dd2
TED < 150 has been achieved
OPT 0  <EPm>=33.20  delta=33.20
============================================================
Optimization START <EPm> = 33.1964905307217
Base optimization for EPm < 75
Fine Optimization  . NOT  (for EPm < 90)
   TED near 100 . .  NOT
Force normalization YES
Mix CH / NotCH . . NOT
CH before NotCH .  NOT
not tested coordinates with EPm >= 75
Change Alt.Modes   NOT 
Add  Alt. Modes . .  NOT
coordinates Optimum "STRE" . .YES
NotCH modes
OPT 1  <EPm>=35.08  delta=1.88  crd=73.28  SUPER! mskra.ved
Alternative coordinates supplemented by 4
OPT 2  <EPm>=36.12  delta=1.04  crd=40.62  SUPER! mskra.ved
Alternative coordinates supplemented by 1
OPT 3  <EPm>=36.61  delta=0.49  crd=19.30  SUPER! mskra.ved
OPT 4  <EPm>=37.09  delta=0.48  crd=18.78  SUPER! mskra.ved
Alternative coordinates supplemented by 1
Reduce Mixed coordinates, type STRE
OPT 16  <EPm>=37.23  delta=0.14  crd=5.31  SUPER! mskra.ved
OPT 23  <EPm>=37.29  delta=0.06  crd=2.44  SUPER! mskra.ved
OPT 27  <EPm>=37.29  delta=0.00  crd=0.06  SUPER! mskra.ved
 2 coordinates reduced by 3
CH modes
OPT 31  <EPm>=42.82  delta=5.52  crd=215.37  SUPER! mskra.ved
Alternative coordinates supplemented by 6
Reduce Mixed coordinates, type STRE
OPT 34  <EPm>=42.82  delta=0.00  crd=0.00  SUPER! nskra.ved
OPT 35  <EPm>=42.82  delta=0.00  crd=0.00  SUPER! nskra.ved
OPT 36  <EPm>=42.82  delta=0.00  crd=0.00  SUPER! nskra.ved
 3 coordinates reduced by 3
coordinates Optimum "BEND" . .YES
NotCH modes
OPT 41  <EPm>=44.27  delta=1.45  crd=56.68  SUPER! mskra.ved
Alternative coordinates supplemented by 2
OPT 43  <EPm>=45.00  delta=0.73  crd=28.41  SUPER! mskra.ved
Alternative coordinates supplemented by 3
OPT 46  <EPm>=45.16  delta=0.17  crd=6.47  SUPER! mskra.ved
Reduce Mixed coordinates, type BEND
OPT 65  <EPm>=45.30  delta=0.13  crd=5.14  SUPER! mskra.ved
OPT 68  <EPm>=45.39  delta=0.09  crd=3.57  SUPER! mskra.ved
OPT 69  <EPm>=45.50  delta=0.11  crd=4.34  SUPER! mskra.ved
OPT 71  <EPm>=45.55  delta=0.06  crd=2.20  SUPER! mskra.ved
 3 coordinates reduced by 4
CH modes
OPT 74  <EPm>=49.21  delta=3.65  crd=142.39  SUPER! mskra.ved
Alternative coordinates supplemented by 6
OPT 75  <EPm>=51.37  delta=2.17  crd=84.48  SUPER! mskra.ved
OPT 76  <EPm>=52.93  delta=1.56  crd=60.75  SUPER! mskra.ved
OPT 77  <EPm>=53.37  delta=0.44  crd=17.10  SUPER! mskra.ved
Alternative coordinates supplemented by 1
Reduce Mixed coordinates, type BEND
OPT 84  <EPm>=53.42  delta=0.05  crd=1.93  SUPER! mskra.ved
OPT 87  <EPm>=53.63  delta=0.22  crd=8.40  SUPER! mskra.ved
OPT 88  <EPm>=53.64  delta=0.00  crd=0.10  SUPER! mskra.ved
 1 coordinates reduced by 3
coordinates Optimum "TORS" . .YES 
NotCH modes
OPT 114  <EPm>=53.75  delta=0.11  crd=4.30  SUPER! mskra.ved
Alternative coordinates supplemented by 2
Reduce Mixed coordinates, type TORS & OUT
CH modes
OPT 123  <EPm>=56.86  delta=3.12  crd=121.63  SUPER! mskra.ved
Alternative coordinates supplemented by 8
OPT 124  <EPm>=59.36  delta=2.50  crd=97.42  SUPER! mskra.ved
OPT 125  <EPm>=60.05  delta=0.69  crd=26.92  SUPER! mskra.ved
OPT 126  <EPm>=61.03  delta=0.98  crd=38.32  SUPER! mskra.ved
OPT 129  <EPm>=61.41  delta=0.37  crd=14.53  SUPER! mskra.ved
OPT 130  <EPm>=61.63  delta=0.22  crd=8.73  SUPER! mskra.ved
Reduce Mixed coordinates, type TORS & OUT
OPT 150  <EPm>=61.65  delta=0.01  crd=0.56  SUPER! mskra.ved
OPT 153  <EPm>=61.76  delta=0.12  crd=4.62  SUPER! mskra.ved
 1 coordinates reduced by 2
Marriage DD2 files  NOT
Improve bad Coord  NOT
ADM reassignment  NOT
Return to 1st step   YES
^^^^^^^^^^^^^^^^^^^^^^^^^^^^^^^^^^^^^^^^^^^^^^^^^^^^^^^
RETURN No. 1
copy skra.dd2 coordinates --> rskra.dd2
not tested coordinates with EPm >= 75
Change Alt.Modes   NOT 
Add  Alt. Modes . .  NOT
coordinates Optimum "STRE" . .YES
NotCH modes
OPT 172  <EPm>=61.87  delta=0.11  crd=4.15  SUPER! mskra.ved
Reduce Mixed coordinates, type STRE
OPT 177  <EPm>=62.07  delta=0.20  crd=7.71  SUPER! mskra.ved
OPT 180  <EPm>=62.08  delta=0.01  crd=0.43  SUPER! mskra.ved
 1 coordinates reduced by 2
CH modes
coordinates Optimum "BEND" . .YES
NotCH modes
CH modes
coordinates Optimum "TORS" . .YES 
NotCH modes
CH modes
Marriage DD2 files  NOT
Improve bad Coord  NOT
ADM reassignment  NOT
Return to 1st step   YES
^^^^^^^^^^^^^^^^^^^^^^^^^^^^^^^^^^^^^^^^^^^^^^^^^^^^^^^
RETURN No. 2
copy skra.dd2 coordinates --> rskra.dd2
not tested coordinates with EPm >= 75
Change Alt.Modes   NOT 
Add  Alt. Modes . .  NOT
coordinates Optimum "STRE" . .YES
NotCH modes
CH modes
coordinates Optimum "BEND" . .YES
NotCH modes
CH modes
coordinates Optimum "TORS" . .YES 
NotCH modes
CH modes
Marriage DD2 files  NOT
Improve bad Coord  NOT
ADM reassignment  NOT
Return to 1st step   YES
there is no reason for return
Normalize to 1 . . .  NOT
Reduce Complex C. YES            
not reduced coordinates --> uskra.dd2
not tested coordinates with EPm >= 75
Reduce Complex coordinates, type STRE
coordinate No. 5
coordinate No. 6
coordinate No. 9
OPT 226  <EPm>=62.17  delta=0.10  crd=3.72  SUPER! mskra.ved
coordinate No. 10
coordinate No. 12
coordinate No. 13
coordinate No. 14
Reduce Complex coordinates, type BEND
coordinate No. 15
coordinate No. 18
coordinate No. 21
coordinate No. 22
OPT 260  <EPm>=62.23  delta=0.05  crd=2.04  SUPER! mskra.ved
OPT 263  <EPm>=62.25  delta=0.03  crd=1.00  SUPER! mskra.ved
the best <EPm> worsen to 62.2161
coordinate No. 24
OPT 265  <EPm>=62.33  delta=0.11  crd=4.30  SUPER! mskra.ved
coordinate No. 25
coordinate No. 26
OPT 277  <EPm>=62.78  delta=0.46  crd=17.84  SUPER! mskra.ved
coordinate No. 27
Reduce Complex coordinates, type TORS & OUT
coordinate No. 28
coordinate No. 29
the best <EPm> worsen to 62.7216
the best <EPm> worsen to 62.6729
coordinate No. 31
OPT 305  <EPm>=62.84  delta=0.16  crd=6.32  SUPER! mskra.ved
coordinate No. 32
coordinate No. 35
coordinate No. 38
coordinate No. 39
 7 coordinates reduced by 12
Strong Normalize .. NOT
Strong Reduce CC. NOT            
Cycle at the End . . NOT
time of optimization [min] : 0.27
CALCULATION VEDA4, cycle No.  1
linear dependence of B matrix is checked
transformation F to internal coordinates 
scaling;  eigenvectors  &  eigenvalues
3202.18  3196.86  3181.46  3167.91  3163.47  3152.12  3146.26  3069.19  1644.23  1637.68  1559.84  1548.90  1506.89  1469.36  1442.84  1351.15  1326.99  1307.11  1267.59  1265.83  1068.01  1054.44   976.02   974.00   967.77   953.19   926.76   918.44   908.31   804.86   771.06   735.09   681.86   605.81   431.12   416.00   368.19   291.00   236.65
diagonality factor = 64.38  <EPm>=62.84   improve<EPm>=29.64
PED/TED saved in c:\users\yourname\downloads\ped_inputs_3-21g\cs\cycloheptatriene\cycloheptatriene_fchk.ved
TED Above 100 Factor TAF=0.000
(PED abbreviation in c:\users\yourname\downloads\ped_inputs_3-21g\cs\cycloheptatriene\cycloheptatriene_fchk.vdf)
skra.dd2 --> c:\users\yourname\downloads\ped_inputs_3-21g\cs\cycloheptatriene\cycloheptatriene_fchk.dd2
calculation time [sec] : 0.35 - 0.20
END of CYCLE  1