
missing of returns in file C:\Users\YourName\Downloads\ped_inputs-20260813T073020Z-1-001\ped_inputs\Acetone_fchk\acetone_fchk.fmt
Veda create new C:\Users\YourName\Downloads\ped_inputs-20260813T073020Z-1-001\ped_inputs\Acetone_fchk\acetone_fchk.fmt, old file --> C:\Users\YourName\Downloads\ped_inputs-20260813T073020Z-1-001\ped_inputs\Acetone_fchk\acetone_fchk.fmt.old 0 1 2 3 4 5 6 7 8 9 10
##########
Coordinates of  10 atoms have been read
  1   6   C    0.000000    1.290616   -0.635718   12.000000
  2   6   C    0.000000    0.000000    0.188561   12.000000
  3   8   O    0.000000    0.000000    1.440347   15.994915
  4   6   C    0.000000   -1.290616   -0.635718   12.000000
  5   1   H    0.887340    1.326520   -1.278250    1.007825
  6   1   H    0.000000    2.145920    0.043739    1.007825
  7   1   H   -0.887340    1.326520   -1.278250    1.007825
  8   1   H   -0.887340   -1.326520   -1.278250    1.007825
  9   1   H    0.887340   -1.326520   -1.278250    1.007825
 10   1   H    0.000000   -2.145920    0.043739    1.007825
the matrix F has been read from file C:\Users\YourName\Downloads\ped_inputs-20260813T073020Z-1-001\ped_inputs\Acetone_fchk\acetone_fchk.fmt
atom displacement matrix ADM has been read from file C:\Users\YourName\Downloads\ped_inputs-20260813T073020Z-1-001\ped_inputs\Acetone_fchk\acetone_fchk.fmt

connection matrix MPO has been created: file skra.mpo
 4. C 1: C 2, H 5, H 6, H 7
 4. C 4: C 2, H 8, H 9, H 10
 3. C 2: C 1, O 3, C 4
copy skra.mpo --> c:\users\yourname\downloads\ped_inputs-20260813t073020z-1-001\ped_inputs\acetone_fchk\acetone_fchk.mpo
File C:\Users\YourName\Downloads\ped_inputs-20260813T073020Z-1-001\ped_inputs\Acetone_fchk\acetone_fchk.fmv was created
create DD2 file due to atoms connection in MPO
stretching 9, bending 8, torsion 6, out-of-plane 1
regarded 0 rings, 2 XY3 non-flat groups
alternative coordinates 24
the new file skra.dd2
creation of Coordinates Definitions: DD2 file skra.dd2
... prepare for optimization
Preoptimization: file  skra.dd2
TED < 150 has been achieved
OPT 0  <EPm>=35.03  delta=35.03
============================================================
Optimization START <EPm> = 35.0342690973184
Base optimization for EPm < 75
Fine Optimization  . NOT  (for EPm < 90)
   TED near 100 . .  NOT
Force normalization YES
Mix CH / NotCH . . NOT
CH before NotCH .  NOT
not tested coordinates with EPm >= 75
Change Alt.Modes   NOT 
Add  Alt. Modes . .  NOT
coordinates Optimum "STRE" . .YES
NotCH modes
OPT 1  <EPm>=36.93  delta=1.90  crd=45.60  SUPER! mskra.ved
Alternative coordinates supplemented by 2
Reduce Mixed coordinates, type STRE
OPT 3  <EPm>=36.93  delta=0.00  crd=0.00  SUPER! nskra.ved
 1 coordinates reduced by 1
CH modes
OPT 4  <EPm>=47.30  delta=10.36  crd=248.74  SUPER! mskra.ved
Alternative coordinates supplemented by 6
Reduce Mixed coordinates, type STRE
OPT 13  <EPm>=47.96  delta=0.66  crd=15.86  SUPER! mskra.ved
OPT 17  <EPm>=48.07  delta=0.12  crd=2.76  SUPER! mskra.ved
 2 coordinates reduced by 2
coordinates Optimum "BEND" . .YES
NotCH modes
CH modes
OPT 24  <EPm>=55.58  delta=7.51  crd=180.23  SUPER! mskra.ved
Alternative coordinates supplemented by 4
OPT 25  <EPm>=59.55  delta=3.97  crd=95.17  SUPER! mskra.ved
Reduce Mixed coordinates, type BEND
OPT 35  <EPm>=59.56  delta=0.01  crd=0.33  SUPER! mskra.ved
OPT 38  <EPm>=59.61  delta=0.05  crd=1.24  SUPER! mskra.ved
 2 coordinates reduced by 2
coordinates Optimum "TORS" . .YES 
NotCH modes
CH modes
OPT 43  <EPm>=64.66  delta=5.05  crd=121.14  SUPER! mskra.ved
Alternative coordinates supplemented by 6
OPT 44  <EPm>=67.83  delta=3.17  crd=76.01  SUPER! mskra.ved
OPT 45  <EPm>=68.74  delta=0.91  crd=21.80  SUPER! mskra.ved
OPT 46  <EPm>=68.90  delta=0.16  crd=3.81  SUPER! mskra.ved
Reduce Mixed coordinates, type TORS & OUT
OPT 59  <EPm>=69.35  delta=0.45  crd=10.82  SUPER! mskra.ved
OPT 61  <EPm>=69.54  delta=0.20  crd=4.70  SUPER! mskra.ved
OPT 67  <EPm>=69.67  delta=0.12  crd=2.97  SUPER! mskra.ved
OPT 71  <EPm>=70.62  delta=0.96  crd=22.98  SUPER! mskra.ved
 4 coordinates reduced by 4
Marriage DD2 files  NOT
Improve bad Coord  NOT
ADM reassignment  NOT
Return to 1st step   YES
^^^^^^^^^^^^^^^^^^^^^^^^^^^^^^^^^^^^^^^^^^^^^^^^^^^^^^^
RETURN No. 1
copy skra.dd2 coordinates --> rskra.dd2
not tested coordinates with EPm >= 75
Change Alt.Modes   NOT 
Add  Alt. Modes . .  NOT
coordinates Optimum "STRE" . .YES
NotCH modes
CH modes
OPT 83  <EPm>=71.07  delta=0.44  crd=10.60  SUPER! mskra.ved
OPT 84  <EPm>=72.86  delta=1.79  crd=43.04  SUPER! mskra.ved
Reduce Mixed coordinates, type STRE
OPT 86  <EPm>=73.60  delta=0.74  crd=17.88  SUPER! mskra.ved
 1 coordinates reduced by 1
coordinates Optimum "BEND" . .YES
NotCH modes
CH modes
coordinates Optimum "TORS" . .YES 
NotCH modes
CH modes
Marriage DD2 files  NOT
Improve bad Coord  NOT
ADM reassignment  NOT
Return to 1st step   YES
^^^^^^^^^^^^^^^^^^^^^^^^^^^^^^^^^^^^^^^^^^^^^^^^^^^^^^^
RETURN No. 2
copy skra.dd2 coordinates --> rskra.dd2
not tested coordinates with EPm >= 75
Change Alt.Modes   NOT 
Add  Alt. Modes . .  NOT
coordinates Optimum "STRE" . .YES
NotCH modes
CH modes
coordinates Optimum "BEND" . .YES
NotCH modes
CH modes
coordinates Optimum "TORS" . .YES 
NotCH modes
CH modes
Marriage DD2 files  NOT
Improve bad Coord  NOT
ADM reassignment  NOT
Return to 1st step   YES
there is no reason for return
Normalize to 1 . . .  NOT
Reduce Complex C. YES            
not reduced coordinates --> uskra.dd2
not tested coordinates with EPm >= 75
Reduce Complex coordinates, type STRE
Reduce Complex coordinates, type BEND
coordinate No. 11
coordinate No. 12
coordinate No. 14
coordinate No. 15
Reduce Complex coordinates, type TORS & OUT
coordinate No. 18
coordinate No. 20
coordinate No. 22
coordinate No. 23
 0 coordinates reduced by 0
Strong Normalize .. NOT
Strong Reduce CC. NOT            
Cycle at the End . . NOT
time of optimization [min] : 0.07
CALCULATION VEDA4, cycle No.  1
linear dependence of B matrix is checked
transformation F to internal coordinates 
scaling;  eigenvectors  &  eigenvalues
3192.70  3191.50  3157.03  3150.36  3088.67  3084.34  1672.67  1591.92  1572.73  1566.55  1559.33  1467.24  1458.07  1236.54  1177.79  1119.26   967.06   915.96   753.40   513.31   508.05   383.06   170.34   117.59
diagonality factor = 74.01  <EPm>=73.60   improve<EPm>=38.57
PED/TED saved in c:\users\yourname\downloads\ped_inputs-20260813t073020z-1-001\ped_inputs\acetone_fchk\acetone_fchk.ved
TED Above 100 Factor TAF=0.522
(PED abbreviation in c:\users\yourname\downloads\ped_inputs-20260813t073020z-1-001\ped_inputs\acetone_fchk\acetone_fchk.vdf)
skra.dd2 --> c:\users\yourname\downloads\ped_inputs-20260813t073020z-1-001\ped_inputs\acetone_fchk\acetone_fchk.dd2
calculation time [sec] : 0.26 - 0.17
END of CYCLE  1