
missing of returns in file C:\Users\YourName\Downloads\XeF2Cl2_bent2_fchk\xef2cl2_bent2_fchk.fmt
Veda create new C:\Users\YourName\Downloads\XeF2Cl2_bent2_fchk\xef2cl2_bent2_fchk.fmt, old file --> C:\Users\YourName\Downloads\XeF2Cl2_bent2_fchk\xef2cl2_bent2_fchk.fmt.old 0 1 2 3 4 5
##########
Coordinates of  5 atoms have been read
  1  54  Xe    0.000000    0.000000    0.000000  131.904200
  2   9   F    0.000000    1.973752    0.068925   18.998403
  3   9   F    0.000000   -1.974955    0.000000   18.998403
  4  17  Cl    0.000000    0.088674    2.539291   34.968853
  5  17  Cl    0.000000    0.000000   -2.540839   34.968853
the matrix F has been read from file C:\Users\YourName\Downloads\XeF2Cl2_bent2_fchk\xef2cl2_bent2_fchk.fmt
atom displacement matrix ADM has been read from file C:\Users\YourName\Downloads\XeF2Cl2_bent2_fchk\xef2cl2_bent2_fchk.fmt

connection matrix MPO has been created: file skra.mpo
 4. Xe 1: F 2, F 3, Cl 4, Cl 5
copy skra.mpo --> c:\users\yourname\downloads\xef2cl2_bent2_fchk\xef2cl2_bent2_fchk.mpo
File C:\Users\YourName\Downloads\XeF2Cl2_bent2_fchk\xef2cl2_bent2_fchk.fmv was created
create DD2 file due to atoms connection in MPO
stretching 4, bending 3, torsion 0, out-of-plane 2
regarded 0 rings, 0 XY3 non-flat groups
alternative coordinates 8
the new file skra.dd2
creation of Coordinates Definitions: DD2 file skra.dd2
... prepare for optimization
Preoptimization: file  skra.dd2
TED < 150 has been achieved
OPT 0  <EPm>=74.78  delta=74.78
============================================================
Optimization START <EPm> = 74.7810846953314
Base optimization for EPm < 90
Fine Optimization  . NOT  (for EPm < 99)
   TED near 100 . .  NOT
Force normalization YES
Mix CH / NotCH . . NOT
CH before NotCH .  NOT
not tested coordinates with EPm >= 90
Change Alt.Modes   NOT 
Add  Alt. Modes . .  NOT
coordinates Optimum "STRE" . .YES
NotCH modes
OPT 1  <EPm>=96.03  delta=21.25  crd=191.21  SUPER! mskra.ved
Alternative coordinates supplemented by 4
Reduce Mixed coordinates, type STRE
CH modes
coordinates Optimum "BEND" . .YES
NotCH modes
CH modes
coordinates Optimum "TORS" . .YES 
NotCH modes
CH modes
Marriage DD2 files  NOT
Improve bad Coord  NOT
ADM reassignment  NOT
Return to 1st step   YES
^^^^^^^^^^^^^^^^^^^^^^^^^^^^^^^^^^^^^^^^^^^^^^^^^^^^^^^
RETURN No. 1
copy skra.dd2 coordinates --> rskra.dd2
not tested coordinates with EPm >= 90
Change Alt.Modes   NOT 
Add  Alt. Modes . .  NOT
coordinates Optimum "STRE" . .YES
NotCH modes
CH modes
coordinates Optimum "BEND" . .YES
NotCH modes
CH modes
coordinates Optimum "TORS" . .YES 
NotCH modes
CH modes
Marriage DD2 files  NOT
Improve bad Coord  NOT
ADM reassignment  NOT
Return to 1st step   YES
there is no reason for return
Normalize to 1 . . .  NOT
Reduce Complex C. YES            
not reduced coordinates --> uskra.dd2
not tested coordinates with EPm >= 90
Reduce Complex coordinates, type STRE
Reduce Complex coordinates, type BEND
Reduce Complex coordinates, type TORS & OUT
 0 coordinates reduced by 0
Strong Normalize .. NOT
Strong Reduce CC. NOT            
Cycle at the End . . NOT
time of optimization [min] : 0.01
CALCULATION VEDA4, cycle No.  1
linear dependence of B matrix is checked
transformation F to internal coordinates 
scaling;  eigenvectors  &  eigenvalues
674.47   560.06   335.41   249.44   223.90   185.58   153.06    98.17    86.28
diagonality factor = 90.22  <EPm>=96.03   improve<EPm>=21.25
PED/TED saved in c:\users\yourname\downloads\xef2cl2_bent2_fchk\xef2cl2_bent2_fchk.ved
TED Above 100 Factor TAF=0.000
(PED abbreviation in c:\users\yourname\downloads\xef2cl2_bent2_fchk\xef2cl2_bent2_fchk.vdf)
skra.dd2 --> c:\users\yourname\downloads\xef2cl2_bent2_fchk\xef2cl2_bent2_fchk.dd2
calculation time [sec] : 0.14 - 0.11
END of CYCLE  1