
missing of returns in file C:\Users\YourName\Downloads\PED_inputs_3-21G\D2h\Ethylene\ethylene_fchk.fmt
Veda create new C:\Users\YourName\Downloads\PED_inputs_3-21G\D2h\Ethylene\ethylene_fchk.fmt, old file --> C:\Users\YourName\Downloads\PED_inputs_3-21G\D2h\Ethylene\ethylene_fchk.fmt.old 0 1 2 3 4 5 6
##########
Coordinates of  6 atoms have been read
  1   6   C    0.000000    0.000000    0.670436   12.000000
  2   6   C    0.000000    0.000000   -0.670436   12.000000
  3   1   H    0.000000    0.921936    1.243727    1.007825
  4   1   H    0.000000   -0.921936    1.243727    1.007825
  5   1   H    0.000000   -0.921936   -1.243727    1.007825
  6   1   H    0.000000    0.921936   -1.243727    1.007825
the matrix F has been read from file C:\Users\YourName\Downloads\PED_inputs_3-21G\D2h\Ethylene\ethylene_fchk.fmt
atom displacement matrix ADM has been read from file C:\Users\YourName\Downloads\PED_inputs_3-21G\D2h\Ethylene\ethylene_fchk.fmt

connection matrix MPO has been created: file skra.mpo
 3. C 1: C 2, H 3, H 4
 3. C 2: C 1, H 5, H 6
copy skra.mpo --> c:\users\yourname\downloads\ped_inputs_3-21g\d2h\ethylene\ethylene_fchk.mpo
File C:\Users\YourName\Downloads\PED_inputs_3-21G\D2h\Ethylene\ethylene_fchk.fmv was created
create DD2 file due to atoms connection in MPO
stretching 5, bending 4, torsion 2, out-of-plane 1
regarded 0 rings, 0 XY3 non-flat groups
alternative coordinates 5
the new file skra.dd2
creation of Coordinates Definitions: DD2 file skra.dd2
... prepare for optimization
Preoptimization: file  skra.dd2
TED < 150 has been achieved
OPT 0  <EPm>=41.99  delta=41.99
============================================================
Optimization START <EPm> = 41.9873550859869
Base optimization for EPm < 75
Fine Optimization  . NOT  (for EPm < 90)
   TED near 100 . .  NOT
Force normalization YES
Mix CH / NotCH . . NOT
CH before NotCH .  NOT
not tested coordinates with EPm >= 75
Change Alt.Modes   NOT 
Add  Alt. Modes . .  NOT
coordinates Optimum "STRE" . .YES
NotCH modes
CH modes
OPT 1  <EPm>=55.51  delta=13.52  crd=162.23  SUPER! mskra.ved
Alternative coordinates supplemented by 4
OPT 2  <EPm>=62.34  delta=6.83  crd=82.00  SUPER! mskra.ved
Reduce Mixed coordinates, type STRE
coordinates Optimum "BEND" . .YES
NotCH modes
CH modes
OPT 3  <EPm>=75.23  delta=12.89  crd=154.68  SUPER! mskra.ved
Alternative coordinates supplemented by 4
Reduce Mixed coordinates, type BEND
OPT 4  <EPm>=75.23  delta=0.00  crd=0.00  SUPER! nskra.ved
 1 coordinates reduced by 1
coordinates Optimum "TORS" . .YES 
NotCH modes
CH modes
OPT 5  <EPm>=83.95  delta=8.72  crd=104.65  SUPER! mskra.ved
Alternative coordinates supplemented by 3
Reduce Mixed coordinates, type TORS & OUT
Marriage DD2 files  NOT
Improve bad Coord  NOT
ADM reassignment  NOT
Return to 1st step   YES
^^^^^^^^^^^^^^^^^^^^^^^^^^^^^^^^^^^^^^^^^^^^^^^^^^^^^^^
RETURN No. 1
copy skra.dd2 coordinates --> rskra.dd2
not tested coordinates with EPm >= 75
Change Alt.Modes   NOT 
Add  Alt. Modes . .  NOT
coordinates Optimum "STRE" . .YES
NotCH modes
CH modes
coordinates Optimum "BEND" . .YES
NotCH modes
CH modes
coordinates Optimum "TORS" . .YES 
NotCH modes
CH modes
Marriage DD2 files  NOT
Improve bad Coord  NOT
ADM reassignment  NOT
Return to 1st step   YES
there is no reason for return
Normalize to 1 . . .  NOT
Reduce Complex C. YES            
not reduced coordinates --> uskra.dd2
not tested coordinates with EPm >= 75
Reduce Complex coordinates, type STRE
Reduce Complex coordinates, type BEND
Reduce Complex coordinates, type TORS & OUT
 0 coordinates reduced by 0
Strong Normalize .. NOT
Strong Reduce CC. NOT            
Cycle at the End . . NOT
time of optimization [min] : 0.01
CALCULATION VEDA4, cycle No.  1
linear dependence of B matrix is checked
transformation F to internal coordinates 
scaling;  eigenvectors  &  eigenvalues
3279.01  3249.54  3193.30  3174.28  1694.09  1572.10  1434.11  1304.75  1091.90  1005.26   980.63   893.15
diagonality factor = 82.40  <EPm>=83.95   improve<EPm>=41.96
PED/TED saved in c:\users\yourname\downloads\ped_inputs_3-21g\d2h\ethylene\ethylene_fchk.ved
TED Above 100 Factor TAF=0.399
(PED abbreviation in c:\users\yourname\downloads\ped_inputs_3-21g\d2h\ethylene\ethylene_fchk.vdf)
skra.dd2 --> c:\users\yourname\downloads\ped_inputs_3-21g\d2h\ethylene\ethylene_fchk.dd2
calculation time [sec] : 0.13 - 0.08
END of CYCLE  1